../Core/Src/main.c:57:20:W5500_Select	1
../Core/Src/main.c:60:20:W5500_Deselect	1
../Core/Src/main.c:122:16:spi_txrx1	1
../Core/Src/main.c:134:9:W5500_ReadVersion	1
../Core/Src/main.c:145:5:_write	1
../Core/Src/main.c:151:5:__io_putchar	1
../Core/Src/main.c:156:6:TM1637_Init	2
../Core/Src/main.c:187:6:PID_Start	1
../Core/Src/main.c:218:6:updatePWM	5
../Core/Src/main.c:268:6:HAL_GPIO_EXTI_Callback	4
../Core/Src/main.c:282:6:network_handler	8
../Core/Src/main.c:324:5:main	4
../Core/Src/main.c:409:6:SystemClock_Config	4
../Core/Src/main.c:454:13:MX_I2C1_Init	4
../Core/Src/main.c:502:13:MX_LPUART1_UART_Init	5
../Core/Src/main.c:550:13:MX_SPI1_Init	2
../Core/Src/main.c:590:13:MX_TIM2_Init	6
../Core/Src/main.c:649:13:MX_GPIO_Init	1
../Core/Src/main.c:921:6:Error_Handler	1
